 disasm

 Timestamp is 65f5158a (Sat Mar 16 00:44:10 2024)

 Preferred load address is 0000000140000000

 Start         Length     Name                   Class
 0001:00000000 00003390H .text$mn                CODE
 0001:00003390 00001040H .text$mn$00             CODE
 0001:000043d0 000010e3H .text$x                 CODE
 0002:00000000 00000110H .CRT$XCA                DATA
 0002:00000110 00000110H .CRT$XCAA               DATA
 0002:00000220 00000110H .CRT$XCZ                DATA
 0002:00000330 00000110H .CRT$XIA                DATA
 0002:00000440 00000110H .CRT$XIAA               DATA
 0002:00000550 00000110H .CRT$XIAC               DATA
 0002:00000660 00000110H .CRT$XIZ                DATA
 0002:00000770 00000110H .CRT$XPA                DATA
 0002:00000880 00000110H .CRT$XPZ                DATA
 0002:00000990 00000110H .CRT$XTA                DATA
 0002:00000aa0 00000110H .CRT$XTZ                DATA
 0002:00000bb0 00000350H .rdata                  DATA
 0002:00000f00 00000200H .rdata$CastGuardVftablesA DATA
 0002:00001100 0000019cH .rdata$CastGuardVftablesC DATA
 0002:0000129c 00000174H .rdata$zzzdbg           DATA
 0002:00001410 00000110H .rtc$IAA                DATA
 0002:00001520 00000110H .rtc$IZZ                DATA
 0002:00001630 00000110H .rtc$TAA                DATA
 0002:00001740 00000110H .rtc$TZZ                DATA
 0002:00001850 0000050dH .xdata                  DATA
 0002:00001d5d 00000000H .edata                  DATA
 0003:00000000 00000150H .data                   DATA
 0003:00000150 000000d1H .bss                    DATA
 0004:00000000 00000414H .pdata                  DATA
 0005:00000000 000005c8H .idata$5                DATA
 0005:000005c8 000000c8H .idata$2                DATA
 0005:00000690 00000018H .idata$3                DATA
 0005:000006a8 000005c8H .idata$4                DATA
 0005:00000c70 00000ad0H .idata$6                DATA
 0006:00000000 00000175H .00cfg                  DATA

  Address         Publics by Value              Rva+Base               Lib:Object

 0000:00000000       __AbsoluteZero             0000000000000000     <absolute>
 0000:00000000       ___safe_se_handler_count   0000000000000000     <absolute>
 0000:00000000       ___safe_se_handler_table   0000000000000000     <absolute>
 0000:00000000       __arm64x_extra_rfe_table   0000000000000000     <absolute>
 0000:00000000       __arm64x_extra_rfe_table_size 0000000000000000     <absolute>
 0000:00000000       __arm64x_native_entrypoint 0000000000000000     <absolute>
 0000:00000000       __arm64x_redirection_metadata 0000000000000000     <absolute>
 0000:00000000       __arm64x_redirection_metadata_count 0000000000000000     <absolute>
 0000:00000000       __dynamic_value_reloc_table 0000000000000000     <absolute>
 0000:00000000       __enclave_config           0000000000000000     <absolute>
 0000:00000000       __guard_check_icall_a64n_fptr 0000000000000000     <absolute>
 0000:00000000       __guard_eh_cont_count      0000000000000000     <absolute>
 0000:00000000       __guard_eh_cont_table      0000000000000000     <absolute>
 0000:00000000       __guard_fids_count         0000000000000000     <absolute>
 0000:00000000       __guard_fids_table         0000000000000000     <absolute>
 0000:00000000       __guard_iat_count          0000000000000000     <absolute>
 0000:00000000       __guard_iat_table          0000000000000000     <absolute>
 0000:00000000       __guard_longjmp_count      0000000000000000     <absolute>
 0000:00000000       __guard_longjmp_table      0000000000000000     <absolute>
 0000:00000000       __hybrid_auxiliary_delayload_iat 0000000000000000     <absolute>
 0000:00000000       __hybrid_auxiliary_delayload_iat_copy 0000000000000000     <absolute>
 0000:00000000       __hybrid_auxiliary_iat     0000000000000000     <absolute>
 0000:00000000       __hybrid_auxiliary_iat_copy 0000000000000000     <absolute>
 0000:00000000       __hybrid_code_map          0000000000000000     <absolute>
 0000:00000000       __hybrid_code_map_count    0000000000000000     <absolute>
 0000:00000000       __volatile_metadata        0000000000000000     <absolute>
 0000:00000000       __x64_code_ranges_to_entry_points 0000000000000000     <absolute>
 0000:00000000       __x64_code_ranges_to_entry_points_count 0000000000000000     <absolute>
 0000:00000100       __guard_flags              0000000000000100     <absolute>
 0000:00000000       __ImageBase                0000000140000000     <linker-defined>
 0001:00000400       main                       0000000140001400 f   disasm.obj
 0001:00000450       ??$?6U?$char_traits@D@std@@@std@@YAAEAV?$basic_ostream@DU?$char_traits@D@std@@@0@AEAV10@PEBD@Z 0000000140001450 f i disasm.obj
 0001:000008c0       ??$endl@DU?$char_traits@D@std@@@std@@YAAEAV?$basic_ostream@DU?$char_traits@D@std@@@0@AEAV10@@Z 00000001400018c0 f i disasm.obj
 0001:00000930       ??0_Sentry_base@?$basic_ostream@DU?$char_traits@D@std@@@std@@QEAA@AEAV12@@Z 0000000140001930 f i disasm.obj
 0001:000009c0       ??0sentry@?$basic_ostream@DU?$char_traits@D@std@@@std@@QEAA@AEAV12@@Z 00000001400019c0 f i disasm.obj
 0001:00000ad0       ??1_Sentry_base@?$basic_ostream@DU?$char_traits@D@std@@@std@@QEAA@XZ 0000000140001ad0 f i disasm.obj
 0001:00000b40       ??1sentry@?$basic_ostream@DU?$char_traits@D@std@@@std@@QEAA@XZ 0000000140001b40 f i disasm.obj
 0001:00000bb0       ??Bsentry@?$basic_ostream@DU?$char_traits@D@std@@@std@@QEBA_NXZ 0000000140001bb0 f i disasm.obj
 0001:00000bd0       ?eof@?$_Narrow_char_traits@DH@std@@SAHXZ 0000000140001bd0 f i disasm.obj
 0001:00000be0       ?eq_int_type@?$_Narrow_char_traits@DH@std@@SA_NAEBH0@Z 0000000140001be0 f i disasm.obj
 0001:00000c30       ?length@?$_Narrow_char_traits@DH@std@@SA_KQEBD@Z 0000000140001c30 f i disasm.obj
 0001:00000c4e       ?uncaught_exception@std@@YA_NXZ 0000000140001c4e f   msvcprt:MSVCP140.dll
 0001:00000c54       ?good@ios_base@std@@QEBA_NXZ 0000000140001c54 f   msvcprt:MSVCP140.dll
 0001:00000c5a       ?flags@ios_base@std@@QEBAHXZ 0000000140001c5a f   msvcprt:MSVCP140.dll
 0001:00000c60       ?width@ios_base@std@@QEBA_JXZ 0000000140001c60 f   msvcprt:MSVCP140.dll
 0001:00000c66       ?width@ios_base@std@@QEAA_J_J@Z 0000000140001c66 f   msvcprt:MSVCP140.dll
 0001:00000c6c       ?sputc@?$basic_streambuf@DU?$char_traits@D@std@@@std@@QEAAHD@Z 0000000140001c6c f   msvcprt:MSVCP140.dll
 0001:00000c72       ?sputn@?$basic_streambuf@DU?$char_traits@D@std@@@std@@QEAA_JPEBD_J@Z 0000000140001c72 f   msvcprt:MSVCP140.dll
 0001:00000c78       ?setstate@?$basic_ios@DU?$char_traits@D@std@@@std@@QEAAXH_N@Z 0000000140001c78 f   msvcprt:MSVCP140.dll
 0001:00000c7e       ?tie@?$basic_ios@DU?$char_traits@D@std@@@std@@QEBAPEAV?$basic_ostream@DU?$char_traits@D@std@@@2@XZ 0000000140001c7e f   msvcprt:MSVCP140.dll
 0001:00000c84       ?rdbuf@?$basic_ios@DU?$char_traits@D@std@@@std@@QEBAPEAV?$basic_streambuf@DU?$char_traits@D@std@@@2@XZ 0000000140001c84 f   msvcprt:MSVCP140.dll
 0001:00000c8a       ?fill@?$basic_ios@DU?$char_traits@D@std@@@std@@QEBADXZ 0000000140001c8a f   msvcprt:MSVCP140.dll
 0001:00000c90       ?widen@?$basic_ios@DU?$char_traits@D@std@@@std@@QEBADD@Z 0000000140001c90 f   msvcprt:MSVCP140.dll
 0001:00000c96       ?_Osfx@?$basic_ostream@DU?$char_traits@D@std@@@std@@QEAAXXZ 0000000140001c96 f   msvcprt:MSVCP140.dll
 0001:00000c9c       ??6?$basic_ostream@DU?$char_traits@D@std@@@std@@QEAAAEAV01@P6AAEAV01@AEAV01@@Z@Z 0000000140001c9c f   msvcprt:MSVCP140.dll
 0001:00000ca2       ?put@?$basic_ostream@DU?$char_traits@D@std@@@std@@QEAAAEAV12@D@Z 0000000140001ca2 f   msvcprt:MSVCP140.dll
 0001:00000ca8       ?flush@?$basic_ostream@DU?$char_traits@D@std@@@std@@QEAAAEAV12@XZ 0000000140001ca8 f   msvcprt:MSVCP140.dll
 0001:00000fbc       ?configure_argv@__scrt_narrow_argv_policy@@SAHXZ 0000000140001fbc f i MSVCRT:exe_main.obj
 0001:00000fd8       ?initialize_environment@__scrt_narrow_environment_policy@@SAHXZ 0000000140001fd8 f i MSVCRT:exe_main.obj
 0001:00001024       ?set_app_type@__scrt_main_policy@@SAXXZ 0000000140002024 f i MSVCRT:exe_main.obj
 0001:00001030       ?set_commode@__scrt_file_policy@@SAXXZ 0000000140002030 f i MSVCRT:exe_main.obj
 0001:00001050       ?set_fmode@__scrt_file_policy@@SAXXZ 0000000140002050 f i MSVCRT:exe_main.obj
 0001:0000106c       mainCRTStartup             000000014000206c f   MSVCRT:exe_main.obj
 0001:0000111c       NtCurrentTeb               000000014000211c f i MSVCRT:utility.obj
 0001:00001128       __scrt_acquire_startup_lock 0000000140002128 f   MSVCRT:utility.obj
 0001:00001170       __scrt_dllmain_after_initialize_c 0000000140002170 f   MSVCRT:utility.obj
 0001:000011b4       __scrt_dllmain_before_initialize_c 00000001400021b4 f   MSVCRT:utility.obj
 0001:000011d0       __scrt_dllmain_crt_thread_attach 00000001400021d0 f   MSVCRT:utility.obj
 0001:00001204       __scrt_dllmain_crt_thread_detach 0000000140002204 f   MSVCRT:utility.obj
 0001:00001220       __scrt_dllmain_exception_filter 0000000140002220 f   MSVCRT:utility.obj
 0001:00001298       __scrt_dllmain_uninitialize_c 0000000140002298 f   MSVCRT:utility.obj
 0001:000012d4       __scrt_dllmain_uninitialize_critical 00000001400022d4 f   MSVCRT:utility.obj
 0001:000012f0       __scrt_initialize_crt      00000001400022f0 f   MSVCRT:utility.obj
 0001:0000134c       __scrt_initialize_onexit_tables 000000014000234c f   MSVCRT:utility.obj
 0001:000013fc       __scrt_is_nonwritable_in_current_image 00000001400023fc f   MSVCRT:utility.obj
 0001:000014bc       __scrt_release_startup_lock 00000001400024bc f   MSVCRT:utility.obj
 0001:000014ec       __scrt_uninitialize_crt    00000001400024ec f   MSVCRT:utility.obj
 0001:00001520       _onexit                    0000000140002520 f   MSVCRT:utility.obj
 0001:00001568       at_quick_exit              0000000140002568 f   MSVCRT:utility.obj
 0001:0000158c       atexit                     000000014000258c f   MSVCRT:utility.obj
 0001:00001630       __security_init_cookie     0000000140002630 f   MSVCRT:gs_support.obj
 0001:00001708       _matherr                   0000000140002708 f   MSVCRT:matherr.obj
 0001:0000170c       _get_startup_argv_mode     000000014000270c f   MSVCRT:argv_mode.obj
 0001:00001714       _get_startup_commit_mode   0000000140002714 f   MSVCRT:commit_mode.obj
 0001:00001718       _get_startup_file_mode     0000000140002718 f   MSVCRT:file_mode.obj
 0001:00001720       _get_startup_new_mode      0000000140002720 f   MSVCRT:new_mode.obj
 0001:00001724       _get_startup_thread_locale_mode 0000000140002724 f   MSVCRT:thread_locale.obj
 0001:00001728       ?__scrt_initialize_type_info@@YAXXZ 0000000140002728 f   MSVCRT:tncleanup.obj
 0001:0000173c       ?__scrt_uninitialize_type_info@@YAXXZ 000000014000273c f   MSVCRT:tncleanup.obj
 0001:0000174c       _should_initialize_environment 000000014000274c f   MSVCRT:env_mode.obj
 0001:00001750       _initialize_invalid_parameter_handler 0000000140002750 f   MSVCRT:invalid_parameter_handler.obj
 0001:00001754       _initialize_denormal_control 0000000140002754 f   MSVCRT:denormal_control.obj
 0001:00001758       __local_stdio_printf_options 0000000140002758 f i MSVCRT:default_local_stdio_options.obj
 0001:00001764       __local_stdio_scanf_options 0000000140002764 f i MSVCRT:default_local_stdio_options.obj
 0001:00001770       __scrt_initialize_default_local_stdio_options 0000000140002770 f   MSVCRT:default_local_stdio_options.obj
 0001:00001794       __scrt_is_user_matherr_present 0000000140002794 f   MSVCRT:matherr_detection.obj
 0001:000017a4       __scrt_get_dyn_tls_init_callback 00000001400027a4 f   MSVCRT:dyn_tls_init.obj
 0001:000017b0       __scrt_get_dyn_tls_dtor_callback 00000001400027b0 f   MSVCRT:dyn_tls_dtor.obj
 0001:000017bc       __crt_debugger_hook        00000001400027bc f   MSVCRT:utility_desktop.obj
 0001:000017c8       __scrt_fastfail            00000001400027c8 f   MSVCRT:utility_desktop.obj
 0001:00001968       __scrt_get_show_window_mode 0000000140002968 f   MSVCRT:utility_desktop.obj
 0001:000019b0       __scrt_initialize_mta      00000001400029b0 f   MSVCRT:utility_desktop.obj
 0001:000019b8       __scrt_initialize_winrt    00000001400029b8 f   MSVCRT:utility_desktop.obj
 0001:000019bc       __scrt_is_managed_app      00000001400029bc f   MSVCRT:utility_desktop.obj
 0001:00001a24       __scrt_set_unhandled_exception_filter 0000000140002a24 f   MSVCRT:utility_desktop.obj
 0001:00001a38       __scrt_exe_initialize_mta  0000000140002a38 f   MSVCRT:utility_desktop.obj
 0001:00001a38       __scrt_stub_for_initialize_mta 0000000140002a38 f   MSVCRT:utility_desktop.obj
 0001:00001a3c       __scrt_unhandled_exception_filter 0000000140002a3c f   MSVCRT:utility_desktop.obj
 0001:00001ab0       _RTC_Initialize            0000000140002ab0 f   MSVCRT:initsect.obj
 0001:00001afc       _RTC_Terminate             0000000140002afc f   MSVCRT:initsect.obj
 0001:00001b48       _guard_check_icall_nop     0000000140002b48 f i MSVCRT:guard_support.obj
 0001:00001b4c       ReadNoFence64              0000000140002b4c f i MSVCRT:guard_support.obj
 0001:00001b50       ReadPointerNoFence         0000000140002b50 f i MSVCRT:guard_support.obj
 0001:00001b54       __castguard_check_failure_debugbreak 0000000140002b54 f i MSVCRT:guard_support.obj
 0001:00001b78       __castguard_check_failure_fastfail 0000000140002b78 f i MSVCRT:guard_support.obj
 0001:00001ba4       __castguard_check_failure_nop 0000000140002ba4 f i MSVCRT:guard_support.obj
 0001:00001ba8       __castguard_check_failure_os_handled 0000000140002ba8 f i MSVCRT:guard_support.obj
 0001:00001c18       __castguard_check_failure_user_handled 0000000140002c18 f i MSVCRT:guard_support.obj
 0001:00001ca4       __castguard_set_user_handler 0000000140002ca4 f i MSVCRT:guard_support.obj
 0001:00001cb4       __castguard_slow_path_check_debugbreak 0000000140002cb4 f i MSVCRT:guard_support.obj
 0001:00001cf8       __castguard_slow_path_check_fastfail 0000000140002cf8 f i MSVCRT:guard_support.obj
 0001:00001d40       __castguard_slow_path_check_nop 0000000140002d40 f i MSVCRT:guard_support.obj
 0001:00001d44       __castguard_slow_path_check_os_handled 0000000140002d44 f i MSVCRT:guard_support.obj
 0001:00001dac       __castguard_slow_path_check_user_handled 0000000140002dac f i MSVCRT:guard_support.obj
 0001:00001e30       _guard_icall_checks_enforced 0000000140002e30 f i MSVCRT:guard_support.obj
 0001:00001e4c       _guard_rf_checks_enforced  0000000140002e4c f i MSVCRT:guard_support.obj
 0001:00001e50       __isa_available_init       0000000140002e50 f   MSVCRT:cpu_disp.obj
 0001:00002068       __scrt_is_ucrt_dll_in_use  0000000140003068 f   MSVCRT:ucrt_detection.obj
 0001:00002080       QueryPerformanceCounter    0000000140003080 f   kernel32:KERNEL32.dll
 0001:00002086       GetCurrentProcessId        0000000140003086 f   kernel32:KERNEL32.dll
 0001:0000208c       GetCurrentThreadId         000000014000308c f   kernel32:KERNEL32.dll
 0001:00002092       GetSystemTimeAsFileTime    0000000140003092 f   kernel32:KERNEL32.dll
 0001:00002098       InitializeSListHead        0000000140003098 f   kernel32:KERNEL32.dll
 0001:0000209e       RtlCaptureContext          000000014000309e f   kernel32:KERNEL32.dll
 0001:000020a4       RtlLookupFunctionEntry     00000001400030a4 f   kernel32:KERNEL32.dll
 0001:000020aa       RtlVirtualUnwind           00000001400030aa f   kernel32:KERNEL32.dll
 0001:000020b0       IsDebuggerPresent          00000001400030b0 f   kernel32:KERNEL32.dll
 0001:000020b6       UnhandledExceptionFilter   00000001400030b6 f   kernel32:KERNEL32.dll
 0001:000020bc       SetUnhandledExceptionFilter 00000001400030bc f   kernel32:KERNEL32.dll
 0001:000020c2       GetStartupInfoW            00000001400030c2 f   kernel32:KERNEL32.dll
 0001:000020c8       IsProcessorFeaturePresent  00000001400030c8 f   kernel32:KERNEL32.dll
 0001:000020ce       GetModuleHandleW           00000001400030ce f   kernel32:KERNEL32.dll
 0001:000020d4       __CxxFrameHandler4         00000001400030d4 f   vcruntime:VCRUNTIME140_1.dll
 0001:000020da       __C_specific_handler       00000001400030da f   vcruntime:VCRUNTIME140.dll
 0001:000020e0       __std_type_info_destroy_list 00000001400030e0 f   vcruntime:VCRUNTIME140.dll
 0001:000020e6       __current_exception        00000001400030e6 f   vcruntime:VCRUNTIME140.dll
 0001:000020ec       __current_exception_context 00000001400030ec f   vcruntime:VCRUNTIME140.dll
 0001:000020f2       memset                     00000001400030f2 f   vcruntime:VCRUNTIME140.dll
 0001:000020f8       strlen                     00000001400030f8 f   ucrt:api-ms-win-crt-string-l1-1-0.dll
 0001:000020fe       _seh_filter_exe            00000001400030fe f   ucrt:api-ms-win-crt-runtime-l1-1-0.dll
 0001:00002104       _set_app_type              0000000140003104 f   ucrt:api-ms-win-crt-runtime-l1-1-0.dll
 0001:0000210a       __setusermatherr           000000014000310a f   ucrt:api-ms-win-crt-math-l1-1-0.dll
 0001:00002110       _configure_narrow_argv     0000000140003110 f   ucrt:api-ms-win-crt-runtime-l1-1-0.dll
 0001:00002116       _initialize_narrow_environment 0000000140003116 f   ucrt:api-ms-win-crt-runtime-l1-1-0.dll
 0001:0000211c       _get_initial_narrow_environment 000000014000311c f   ucrt:api-ms-win-crt-runtime-l1-1-0.dll
 0001:00002122       _initterm                  0000000140003122 f   ucrt:api-ms-win-crt-runtime-l1-1-0.dll
 0001:00002128       _initterm_e                0000000140003128 f   ucrt:api-ms-win-crt-runtime-l1-1-0.dll
 0001:0000212e       exit                       000000014000312e f   ucrt:api-ms-win-crt-runtime-l1-1-0.dll
 0001:00002134       _exit                      0000000140003134 f   ucrt:api-ms-win-crt-runtime-l1-1-0.dll
 0001:0000213a       _set_fmode                 000000014000313a f   ucrt:api-ms-win-crt-stdio-l1-1-0.dll
 0001:00002140       __p___argc                 0000000140003140 f   ucrt:api-ms-win-crt-runtime-l1-1-0.dll
 0001:00002146       __p___argv                 0000000140003146 f   ucrt:api-ms-win-crt-runtime-l1-1-0.dll
 0001:0000214c       _cexit                     000000014000314c f   ucrt:api-ms-win-crt-runtime-l1-1-0.dll
 0001:00002152       _c_exit                    0000000140003152 f   ucrt:api-ms-win-crt-runtime-l1-1-0.dll
 0001:00002158       _register_thread_local_exe_atexit_callback 0000000140003158 f   ucrt:api-ms-win-crt-runtime-l1-1-0.dll
 0001:0000215e       _configthreadlocale        000000014000315e f   ucrt:api-ms-win-crt-locale-l1-1-0.dll
 0001:00002164       _set_new_mode              0000000140003164 f   ucrt:api-ms-win-crt-heap-l1-1-0.dll
 0001:0000216a       __p__commode               000000014000316a f   ucrt:api-ms-win-crt-stdio-l1-1-0.dll
 0001:00002170       _seh_filter_dll            0000000140003170 f   ucrt:api-ms-win-crt-runtime-l1-1-0.dll
 0001:00002176       _initialize_onexit_table   0000000140003176 f   ucrt:api-ms-win-crt-runtime-l1-1-0.dll
 0001:0000217c       _register_onexit_function  000000014000317c f   ucrt:api-ms-win-crt-runtime-l1-1-0.dll
 0001:00002182       _execute_onexit_table      0000000140003182 f   ucrt:api-ms-win-crt-runtime-l1-1-0.dll
 0001:00002188       _crt_atexit                0000000140003188 f   ucrt:api-ms-win-crt-runtime-l1-1-0.dll
 0001:0000218e       _crt_at_quick_exit         000000014000318e f   ucrt:api-ms-win-crt-runtime-l1-1-0.dll
 0001:00002194       terminate                  0000000140003194 f   ucrt:api-ms-win-crt-runtime-l1-1-0.dll
 0001:0000219c       __acrt_initialize          000000014000319c f   MSVCRT:ucrt_stubs.obj
 0001:0000219c       __scrt_stub_for_acrt_initialize 000000014000319c f   MSVCRT:ucrt_stubs.obj
 0001:0000219c       __vcrt_initialize          000000014000319c f   MSVCRT:ucrt_stubs.obj
 0001:000021a0       __acrt_thread_attach       00000001400031a0 f   MSVCRT:ucrt_stubs.obj
 0001:000021a0       __scrt_stub_for_acrt_thread_attach 00000001400031a0 f   MSVCRT:ucrt_stubs.obj
 0001:000021a0       __vcrt_thread_attach       00000001400031a0 f   MSVCRT:ucrt_stubs.obj
 0001:000021a4       __acrt_thread_detach       00000001400031a4 f   MSVCRT:ucrt_stubs.obj
 0001:000021a4       __scrt_stub_for_acrt_thread_detach 00000001400031a4 f   MSVCRT:ucrt_stubs.obj
 0001:000021a4       __vcrt_thread_detach       00000001400031a4 f   MSVCRT:ucrt_stubs.obj
 0001:000021a8       __acrt_uninitialize        00000001400031a8 f   MSVCRT:ucrt_stubs.obj
 0001:000021a8       __scrt_stub_for_acrt_uninitialize 00000001400031a8 f   MSVCRT:ucrt_stubs.obj
 0001:000021a8       __vcrt_uninitialize        00000001400031a8 f   MSVCRT:ucrt_stubs.obj
 0001:000021ac       __acrt_uninitialize_critical 00000001400031ac f   MSVCRT:ucrt_stubs.obj
 0001:000021ac       __scrt_stub_for_acrt_uninitialize_critical 00000001400031ac f   MSVCRT:ucrt_stubs.obj
 0001:000021ac       __vcrt_uninitialize_critical 00000001400031ac f   MSVCRT:ucrt_stubs.obj
 0001:000021b0       __scrt_stub_for_is_c_termination_complete 00000001400031b0 f   MSVCRT:ucrt_stubs.obj
 0001:000021b0       _is_c_termination_complete 00000001400031b0 f   MSVCRT:ucrt_stubs.obj
 0001:000021b3       memcpy                     00000001400031b3 f   vcruntime:VCRUNTIME140.dll
 0001:000033a0       _guard_dispatch_icall_nop  00000001400043a0 f   MSVCRT:guard_dispatch.obj
 0001:000033c0       _guard_xfg_dispatch_icall_nop 00000001400043c0 f   MSVCRT:guard_xfg_dispatch.obj
 0002:00000000       __xc_a                     0000000140007000     MSVCRT:initializers.obj
 0002:00000220       __xc_z                     0000000140007220     MSVCRT:initializers.obj
 0002:00000330       __xi_a                     0000000140007330     MSVCRT:initializers.obj
 0002:00000660       __xi_z                     0000000140007660     MSVCRT:initializers.obj
 0002:00000770       __xp_a                     0000000140007770     MSVCRT:initializers.obj
 0002:00000880       __xp_z                     0000000140007880     MSVCRT:initializers.obj
 0002:00000990       __xt_a                     0000000140007990     MSVCRT:initializers.obj
 0002:00000aa0       __xt_z                     0000000140007aa0     MSVCRT:initializers.obj
 0002:00000bc0       __xmm@ffffffffffffffffffffffffffffffff 0000000140007bc0     MSVCRT:utility.obj
 0002:00000be0       _load_config_used          0000000140007be0     MSVCRT:loadcfg.obj
 0002:00000f00       __CastGuardVftablesStart   0000000140007f00     MSVCRT:guard_support.obj
 0002:00001100       __CastGuardVftablesEnd     0000000140008100     MSVCRT:guard_support.obj
 0002:00001410       __rtc_iaa                  0000000140008410     MSVCRT:initsect.obj
 0002:00001520       __rtc_izz                  0000000140008520     MSVCRT:initsect.obj
 0002:00001630       __rtc_taa                  0000000140008630     MSVCRT:initsect.obj
 0002:00001740       __rtc_tzz                  0000000140008740     MSVCRT:initsect.obj
 0003:00000000       __scrt_native_dllmain_reason 0000000140009000     MSVCRT:utility.obj
 0003:00000004       __scrt_default_matherr     0000000140009004     MSVCRT:matherr.obj
 0003:00000008       __isa_available            0000000140009008     MSVCRT:cpu_disp.obj
 0003:0000000c       __isa_enabled              000000014000900c     MSVCRT:cpu_disp.obj
 0003:00000010       __memset_fast_string_threshold 0000000140009010     MSVCRT:cpu_disp.obj
 0003:00000018       __memset_nt_threshold      0000000140009018     MSVCRT:cpu_disp.obj
 0003:00000028       __security_cookie_complement 0000000140009028     MSVCRT:gs_cookie.obj
 0003:00000030       __security_cookie          0000000140009030     MSVCRT:gs_cookie.obj
 0003:00000040       __scrt_ucrt_dll_is_in_use  0000000140009040     MSVCRT:ucrt_stubs.obj
 0003:00000150       __scrt_current_native_startup_state 0000000140009150     MSVCRT:utility.obj
 0003:00000158       __scrt_native_startup_lock 0000000140009158     MSVCRT:utility.obj
 0003:000001b0       ?__type_info_root_node@@3U__type_info_node@@A 00000001400091b0     MSVCRT:tncleanup.obj
 0003:000001c8       ?_OptionsStorage@?1??__local_stdio_printf_options@@9@4_KA 00000001400091c8     MSVCRT:default_local_stdio_options.obj
 0003:000001d8       ?_OptionsStorage@?1??__local_stdio_scanf_options@@9@4_KA 00000001400091d8     MSVCRT:default_local_stdio_options.obj
 0003:000001e4       __scrt_debugger_hook_flag  00000001400091e4     MSVCRT:utility_desktop.obj
 0003:000001e8       __castguard_check_failure_user_handled_fptr 00000001400091e8     MSVCRT:guard_support.obj
 0003:000001f4       __favor                    00000001400091f4     MSVCRT:cpu_disp.obj
 0003:000001f8       __dyn_tls_dtor_callback    00000001400091f8     <common>
 0003:00000210       __dyn_tls_init_callback    0000000140009210     <common>
 0005:00000000       __imp_IsProcessorFeaturePresent 000000014000b000     kernel32:KERNEL32.dll
 0005:00000008       __imp_GetStartupInfoW      000000014000b008     kernel32:KERNEL32.dll
 0005:00000010       __imp_SetUnhandledExceptionFilter 000000014000b010     kernel32:KERNEL32.dll
 0005:00000018       __imp_UnhandledExceptionFilter 000000014000b018     kernel32:KERNEL32.dll
 0005:00000020       __imp_IsDebuggerPresent    000000014000b020     kernel32:KERNEL32.dll
 0005:00000028       __imp_RtlVirtualUnwind     000000014000b028     kernel32:KERNEL32.dll
 0005:00000030       __imp_RtlLookupFunctionEntry 000000014000b030     kernel32:KERNEL32.dll
 0005:00000038       __imp_RtlCaptureContext    000000014000b038     kernel32:KERNEL32.dll
 0005:00000040       __imp_InitializeSListHead  000000014000b040     kernel32:KERNEL32.dll
 0005:00000048       __imp_GetSystemTimeAsFileTime 000000014000b048     kernel32:KERNEL32.dll
 0005:00000050       __imp_GetCurrentThreadId   000000014000b050     kernel32:KERNEL32.dll
 0005:00000058       __imp_GetCurrentProcessId  000000014000b058     kernel32:KERNEL32.dll
 0005:00000060       __imp_QueryPerformanceCounter 000000014000b060     kernel32:KERNEL32.dll
 0005:00000068       __imp_GetModuleHandleW     000000014000b068     kernel32:KERNEL32.dll
 0005:00000070       \177KERNEL32_NULL_THUNK_DATA 000000014000b070     kernel32:KERNEL32.dll
 0005:000000d8       __imp_?put@?$basic_ostream@DU?$char_traits@D@std@@@std@@QEAAAEAV12@D@Z 000000014000b0d8     msvcprt:MSVCP140.dll
 0005:000000e0       __imp_?cout@std@@3V?$basic_ostream@DU?$char_traits@D@std@@@1@A 000000014000b0e0     msvcprt:MSVCP140.dll
 0005:000000e8       __imp_??6?$basic_ostream@DU?$char_traits@D@std@@@std@@QEAAAEAV01@P6AAEAV01@AEAV01@@Z@Z 000000014000b0e8     msvcprt:MSVCP140.dll
 0005:000000f0       __imp_?_Osfx@?$basic_ostream@DU?$char_traits@D@std@@@std@@QEAAXXZ 000000014000b0f0     msvcprt:MSVCP140.dll
 0005:000000f8       __imp_?widen@?$basic_ios@DU?$char_traits@D@std@@@std@@QEBADD@Z 000000014000b0f8     msvcprt:MSVCP140.dll
 0005:00000100       __imp_?fill@?$basic_ios@DU?$char_traits@D@std@@@std@@QEBADXZ 000000014000b100     msvcprt:MSVCP140.dll
 0005:00000108       __imp_?rdbuf@?$basic_ios@DU?$char_traits@D@std@@@std@@QEBAPEAV?$basic_streambuf@DU?$char_traits@D@std@@@2@XZ 000000014000b108     msvcprt:MSVCP140.dll
 0005:00000110       __imp_?tie@?$basic_ios@DU?$char_traits@D@std@@@std@@QEBAPEAV?$basic_ostream@DU?$char_traits@D@std@@@2@XZ 000000014000b110     msvcprt:MSVCP140.dll
 0005:00000118       __imp_?setstate@?$basic_ios@DU?$char_traits@D@std@@@std@@QEAAXH_N@Z 000000014000b118     msvcprt:MSVCP140.dll
 0005:00000120       __imp_?sputn@?$basic_streambuf@DU?$char_traits@D@std@@@std@@QEAA_JPEBD_J@Z 000000014000b120     msvcprt:MSVCP140.dll
 0005:00000128       __imp_?sputc@?$basic_streambuf@DU?$char_traits@D@std@@@std@@QEAAHD@Z 000000014000b128     msvcprt:MSVCP140.dll
 0005:00000130       __imp_?width@ios_base@std@@QEAA_J_J@Z 000000014000b130     msvcprt:MSVCP140.dll
 0005:00000138       __imp_?width@ios_base@std@@QEBA_JXZ 000000014000b138     msvcprt:MSVCP140.dll
 0005:00000140       __imp_?flags@ios_base@std@@QEBAHXZ 000000014000b140     msvcprt:MSVCP140.dll
 0005:00000148       __imp_?good@ios_base@std@@QEBA_NXZ 000000014000b148     msvcprt:MSVCP140.dll
 0005:00000150       __imp_?flush@?$basic_ostream@DU?$char_traits@D@std@@@std@@QEAAAEAV12@XZ 000000014000b150     msvcprt:MSVCP140.dll
 0005:00000158       __imp_?uncaught_exception@std@@YA_NXZ 000000014000b158     msvcprt:MSVCP140.dll
 0005:00000160       \177MSVCP140_NULL_THUNK_DATA 000000014000b160     msvcprt:MSVCP140.dll
 0005:000001d0       __imp_memset               000000014000b1d0     vcruntime:VCRUNTIME140.dll
 0005:000001d8       __imp___C_specific_handler 000000014000b1d8     vcruntime:VCRUNTIME140.dll
 0005:000001e0       __imp___std_type_info_destroy_list 000000014000b1e0     vcruntime:VCRUNTIME140.dll
 0005:000001e8       __imp___current_exception  000000014000b1e8     vcruntime:VCRUNTIME140.dll
 0005:000001f0       __imp___current_exception_context 000000014000b1f0     vcruntime:VCRUNTIME140.dll
 0005:000001f8       __imp_memcpy               000000014000b1f8     vcruntime:VCRUNTIME140.dll
 0005:00000200       \177VCRUNTIME140_NULL_THUNK_DATA 000000014000b200     vcruntime:VCRUNTIME140.dll
 0005:00000260       __imp___CxxFrameHandler4   000000014000b260     vcruntime:VCRUNTIME140_1.dll
 0005:00000268       \177VCRUNTIME140_1_NULL_THUNK_DATA 000000014000b268     vcruntime:VCRUNTIME140_1.dll
 0005:000002c0       __imp__set_new_mode        000000014000b2c0     ucrt:api-ms-win-crt-heap-l1-1-0.dll
 0005:000002c8       \177api-ms-win-crt-heap-l1-1-0_NULL_THUNK_DATA 000000014000b2c8     ucrt:api-ms-win-crt-heap-l1-1-0.dll
 0005:00000320       __imp__configthreadlocale  000000014000b320     ucrt:api-ms-win-crt-locale-l1-1-0.dll
 0005:00000328       \177api-ms-win-crt-locale-l1-1-0_NULL_THUNK_DATA 000000014000b328     ucrt:api-ms-win-crt-locale-l1-1-0.dll
 0005:00000380       __imp___setusermatherr     000000014000b380     ucrt:api-ms-win-crt-math-l1-1-0.dll
 0005:00000388       \177api-ms-win-crt-math-l1-1-0_NULL_THUNK_DATA 000000014000b388     ucrt:api-ms-win-crt-math-l1-1-0.dll
 0005:000003e0       __imp__initterm            000000014000b3e0     ucrt:api-ms-win-crt-runtime-l1-1-0.dll
 0005:000003e8       __imp__initterm_e          000000014000b3e8     ucrt:api-ms-win-crt-runtime-l1-1-0.dll
 0005:000003f0       __imp_exit                 000000014000b3f0     ucrt:api-ms-win-crt-runtime-l1-1-0.dll
 0005:000003f8       __imp__exit                000000014000b3f8     ucrt:api-ms-win-crt-runtime-l1-1-0.dll
 0005:00000400       __imp__get_initial_narrow_environment 000000014000b400     ucrt:api-ms-win-crt-runtime-l1-1-0.dll
 0005:00000408       __imp___p___argc           000000014000b408     ucrt:api-ms-win-crt-runtime-l1-1-0.dll
 0005:00000410       __imp___p___argv           000000014000b410     ucrt:api-ms-win-crt-runtime-l1-1-0.dll
 0005:00000418       __imp__initialize_narrow_environment 000000014000b418     ucrt:api-ms-win-crt-runtime-l1-1-0.dll
 0005:00000420       __imp__configure_narrow_argv 000000014000b420     ucrt:api-ms-win-crt-runtime-l1-1-0.dll
 0005:00000428       __imp__register_thread_local_exe_atexit_callback 000000014000b428     ucrt:api-ms-win-crt-runtime-l1-1-0.dll
 0005:00000430       __imp__c_exit              000000014000b430     ucrt:api-ms-win-crt-runtime-l1-1-0.dll
 0005:00000438       __imp__set_app_type        000000014000b438     ucrt:api-ms-win-crt-runtime-l1-1-0.dll
 0005:00000440       __imp__seh_filter_exe      000000014000b440     ucrt:api-ms-win-crt-runtime-l1-1-0.dll
 0005:00000448       __imp__seh_filter_dll      000000014000b448     ucrt:api-ms-win-crt-runtime-l1-1-0.dll
 0005:00000450       __imp__initialize_onexit_table 000000014000b450     ucrt:api-ms-win-crt-runtime-l1-1-0.dll
 0005:00000458       __imp__register_onexit_function 000000014000b458     ucrt:api-ms-win-crt-runtime-l1-1-0.dll
 0005:00000460       __imp__execute_onexit_table 000000014000b460     ucrt:api-ms-win-crt-runtime-l1-1-0.dll
 0005:00000468       __imp__crt_atexit          000000014000b468     ucrt:api-ms-win-crt-runtime-l1-1-0.dll
 0005:00000470       __imp__crt_at_quick_exit   000000014000b470     ucrt:api-ms-win-crt-runtime-l1-1-0.dll
 0005:00000478       __imp_terminate            000000014000b478     ucrt:api-ms-win-crt-runtime-l1-1-0.dll
 0005:00000480       __imp__cexit               000000014000b480     ucrt:api-ms-win-crt-runtime-l1-1-0.dll
 0005:00000488       \177api-ms-win-crt-runtime-l1-1-0_NULL_THUNK_DATA 000000014000b488     ucrt:api-ms-win-crt-runtime-l1-1-0.dll
 0005:00000500       __imp___p__commode         000000014000b500     ucrt:api-ms-win-crt-stdio-l1-1-0.dll
 0005:00000508       __imp__set_fmode           000000014000b508     ucrt:api-ms-win-crt-stdio-l1-1-0.dll
 0005:00000510       \177api-ms-win-crt-stdio-l1-1-0_NULL_THUNK_DATA 000000014000b510     ucrt:api-ms-win-crt-stdio-l1-1-0.dll
 0005:00000568       __imp_strlen               000000014000b568     ucrt:api-ms-win-crt-string-l1-1-0.dll
 0005:00000570       \177api-ms-win-crt-string-l1-1-0_NULL_THUNK_DATA 000000014000b570     ucrt:api-ms-win-crt-string-l1-1-0.dll
 0005:000005c8       __IMPORT_DESCRIPTOR_MSVCP140 000000014000b5c8     msvcprt:MSVCP140.dll
 0005:000005dc       __IMPORT_DESCRIPTOR_KERNEL32 000000014000b5dc     kernel32:KERNEL32.dll
 0005:000005f0       __IMPORT_DESCRIPTOR_VCRUNTIME140_1 000000014000b5f0     vcruntime:VCRUNTIME140_1.dll
 0005:00000604       __IMPORT_DESCRIPTOR_VCRUNTIME140 000000014000b604     vcruntime:VCRUNTIME140.dll
 0005:00000618       __IMPORT_DESCRIPTOR_api-ms-win-crt-string-l1-1-0 000000014000b618     ucrt:api-ms-win-crt-string-l1-1-0.dll
 0005:0000062c       __IMPORT_DESCRIPTOR_api-ms-win-crt-runtime-l1-1-0 000000014000b62c     ucrt:api-ms-win-crt-runtime-l1-1-0.dll
 0005:00000640       __IMPORT_DESCRIPTOR_api-ms-win-crt-math-l1-1-0 000000014000b640     ucrt:api-ms-win-crt-math-l1-1-0.dll
 0005:00000654       __IMPORT_DESCRIPTOR_api-ms-win-crt-stdio-l1-1-0 000000014000b654     ucrt:api-ms-win-crt-stdio-l1-1-0.dll
 0005:00000668       __IMPORT_DESCRIPTOR_api-ms-win-crt-locale-l1-1-0 000000014000b668     ucrt:api-ms-win-crt-locale-l1-1-0.dll
 0005:0000067c       __IMPORT_DESCRIPTOR_api-ms-win-crt-heap-l1-1-0 000000014000b67c     ucrt:api-ms-win-crt-heap-l1-1-0.dll
 0005:00000690       __NULL_IMPORT_DESCRIPTOR   000000014000b690     msvcprt:MSVCP140.dll
 0006:00000000       __guard_check_icall_fptr   000000014000d000     MSVCRT:guard_support.obj
 0006:00000010       __guard_xfg_check_icall_fptr 000000014000d010     MSVCRT:guard_support.obj
 0006:00000020       __guard_dispatch_icall_fptr 000000014000d020     MSVCRT:guard_support.obj
 0006:00000030       __guard_xfg_dispatch_icall_fptr 000000014000d030     MSVCRT:guard_support.obj
 0006:00000040       __guard_xfg_table_dispatch_icall_fptr 000000014000d040     MSVCRT:guard_support.obj
 0006:00000050       __castguard_check_failure_os_handled_fptr 000000014000d050     MSVCRT:guard_support.obj
 0006:00000060       __guard_memcpy_fptr        000000014000d060     vcruntime:softmemtag.obj

 entry point at        0001:0000014a

 Static symbols

 0000:00000000       _volmd                     0000000140000000     disasm.obj
 0000:ffff1000       .debug$S                   0000000140000000     kernel32:KERNEL32.dll
 0000:ffff1000       .debug$S                   0000000140000000     kernel32:KERNEL32.dll
 0000:ffff1000       .debug$S                   0000000140000000     kernel32:KERNEL32.dll
 0000:ffff1000       .debug$S                   0000000140000000     kernel32:KERNEL32.dll
 0000:ffff1000       .debug$S                   0000000140000000     kernel32:KERNEL32.dll
 0000:ffff1000       .debug$S                   0000000140000000     kernel32:KERNEL32.dll
 0000:ffff1000       .debug$S                   0000000140000000     kernel32:KERNEL32.dll
 0000:ffff1000       .debug$S                   0000000140000000     kernel32:KERNEL32.dll
 0000:ffff1000       .debug$S                   0000000140000000     kernel32:KERNEL32.dll
 0000:ffff1000       .debug$S                   0000000140000000     kernel32:KERNEL32.dll
 0000:ffff1000       .debug$S                   0000000140000000     kernel32:KERNEL32.dll
 0000:ffff1000       .debug$S                   0000000140000000     kernel32:KERNEL32.dll
 0000:ffff1000       .debug$S                   0000000140000000     kernel32:KERNEL32.dll
 0000:ffff1000       .debug$S                   0000000140000000     kernel32:KERNEL32.dll
 0000:ffff1000       .debug$S                   0000000140000000     ucrt:api-ms-win-crt-heap-l1-1-0.dll
 0000:ffff1000       .debug$S                   0000000140000000     ucrt:api-ms-win-crt-locale-l1-1-0.dll
 0000:ffff1000       .debug$S                   0000000140000000     ucrt:api-ms-win-crt-math-l1-1-0.dll
 0000:ffff1000       .debug$S                   0000000140000000     ucrt:api-ms-win-crt-runtime-l1-1-0.dll
 0000:ffff1000       .debug$S                   0000000140000000     ucrt:api-ms-win-crt-runtime-l1-1-0.dll
 0000:ffff1000       .debug$S                   0000000140000000     ucrt:api-ms-win-crt-runtime-l1-1-0.dll
 0000:ffff1000       .debug$S                   0000000140000000     ucrt:api-ms-win-crt-runtime-l1-1-0.dll
 0000:ffff1000       .debug$S                   0000000140000000     ucrt:api-ms-win-crt-runtime-l1-1-0.dll
 0000:ffff1000       .debug$S                   0000000140000000     ucrt:api-ms-win-crt-runtime-l1-1-0.dll
 0000:ffff1000       .debug$S                   0000000140000000     ucrt:api-ms-win-crt-runtime-l1-1-0.dll
 0000:ffff1000       .debug$S                   0000000140000000     ucrt:api-ms-win-crt-runtime-l1-1-0.dll
 0000:ffff1000       .debug$S                   0000000140000000     ucrt:api-ms-win-crt-runtime-l1-1-0.dll
 0000:ffff1000       .debug$S                   0000000140000000     ucrt:api-ms-win-crt-runtime-l1-1-0.dll
 0000:ffff1000       .debug$S                   0000000140000000     ucrt:api-ms-win-crt-runtime-l1-1-0.dll
 0000:ffff1000       .debug$S                   0000000140000000     ucrt:api-ms-win-crt-runtime-l1-1-0.dll
 0000:ffff1000       .debug$S                   0000000140000000     ucrt:api-ms-win-crt-runtime-l1-1-0.dll
 0000:ffff1000       .debug$S                   0000000140000000     ucrt:api-ms-win-crt-runtime-l1-1-0.dll
 0000:ffff1000       .debug$S                   0000000140000000     ucrt:api-ms-win-crt-runtime-l1-1-0.dll
 0000:ffff1000       .debug$S                   0000000140000000     ucrt:api-ms-win-crt-runtime-l1-1-0.dll
 0000:ffff1000       .debug$S                   0000000140000000     ucrt:api-ms-win-crt-runtime-l1-1-0.dll
 0000:ffff1000       .debug$S                   0000000140000000     ucrt:api-ms-win-crt-runtime-l1-1-0.dll
 0000:ffff1000       .debug$S                   0000000140000000     ucrt:api-ms-win-crt-runtime-l1-1-0.dll
 0000:ffff1000       .debug$S                   0000000140000000     ucrt:api-ms-win-crt-runtime-l1-1-0.dll
 0000:ffff1000       .debug$S                   0000000140000000     ucrt:api-ms-win-crt-runtime-l1-1-0.dll
 0000:ffff1000       .debug$S                   0000000140000000     ucrt:api-ms-win-crt-stdio-l1-1-0.dll
 0000:ffff1000       .debug$S                   0000000140000000     ucrt:api-ms-win-crt-stdio-l1-1-0.dll
 0000:ffff1000       .debug$S                   0000000140000000     ucrt:api-ms-win-crt-string-l1-1-0.dll
 0000:00000000       _volmd                     0000000140000000     MSVCRT:cpu_disp.obj
 0000:ffff3000       __guard_ehcont_?__scrt_common_main_seh@@YAHXZ 0000000140000000     MSVCRT:exe_main.obj
 0000:ffff3000       __guard_fids_?pre_c_initialization@@YAHXZ 0000000140000000     MSVCRT:exe_main.obj
 0000:ffff3000       __guard_fids__             0000000140000000     MSVCRT:exe_main.obj
 0000:ffff3000       __guard_fids__             0000000140000000     MSVCRT:guard_support.obj
 0000:ffff3000       __guard_fids__             0000000140000000     MSVCRT:guard_support.obj
 0000:ffff3000       __guard_fids__guard_icall_checks_enforced 0000000140000000     MSVCRT:guard_support.obj
 0000:00000000       _volmd                     0000000140000000     MSVCRT:guard_support.obj
 0000:00000000       _volmd                     0000000140000000     MSVCRT:guard_support.obj
 0000:00000000       _volmd                     0000000140000000     MSVCRT:guard_support.obj
 0000:00000000       _volmd                     0000000140000000     MSVCRT:guard_support.obj
 0000:00000000       _volmd                     0000000140000000     MSVCRT:guard_support.obj
 0000:00000000       _volmd                     0000000140000000     MSVCRT:guard_support.obj
 0000:00000000       _volmd                     0000000140000000     MSVCRT:guard_support.obj
 0000:00000000       _volmd                     0000000140000000     MSVCRT:guard_support.obj
 0000:00000000       _volmd                     0000000140000000     MSVCRT:guard_support.obj
 0000:00000000       _volmd                     0000000140000000     MSVCRT:guard_support.obj
 0002:ffff9000       $unwind$?configure_argv@__scrt_narrow_argv_policy@@SAHXZ 0000000140000000     MSVCRT:utility.obj
 0000:ffff3000       __guard_ehcont___scrt_is_nonwritable_in_current_image 0000000140000000     MSVCRT:utility.obj
 0000:00000000       _volmd                     0000000140000000     MSVCRT:utility.obj
 0000:00000000       _volmd                     0000000140000000     MSVCRT:utility.obj
 0000:00000000       _volmd                     0000000140000000     MSVCRT:utility.obj
 0000:ffff3000       __guard_fids___scrt_set_unhandled_exception_filter 0000000140000000     MSVCRT:utility_desktop.obj
 0000:00000000       _volmd                     0000000140000000     MSVCRT:utility_desktop.obj
 0000:ffff1000       .debug$S                   0000000140000000     msvcprt:MSVCP140.dll
 0000:ffff1000       .debug$S                   0000000140000000     msvcprt:MSVCP140.dll
 0000:ffff1000       .debug$S                   0000000140000000     msvcprt:MSVCP140.dll
 0000:ffff1000       .debug$S                   0000000140000000     msvcprt:MSVCP140.dll
 0000:ffff1000       .debug$S                   0000000140000000     msvcprt:MSVCP140.dll
 0000:ffff1000       .debug$S                   0000000140000000     msvcprt:MSVCP140.dll
 0000:ffff1000       .debug$S                   0000000140000000     msvcprt:MSVCP140.dll
 0000:ffff1000       .debug$S                   0000000140000000     msvcprt:MSVCP140.dll
 0000:ffff1000       .debug$S                   0000000140000000     msvcprt:MSVCP140.dll
 0000:ffff1000       .debug$S                   0000000140000000     msvcprt:MSVCP140.dll
 0000:ffff1000       .debug$S                   0000000140000000     msvcprt:MSVCP140.dll
 0000:ffff1000       .debug$S                   0000000140000000     msvcprt:MSVCP140.dll
 0000:ffff1000       .debug$S                   0000000140000000     msvcprt:MSVCP140.dll
 0000:ffff1000       .debug$S                   0000000140000000     msvcprt:MSVCP140.dll
 0000:ffff1000       .debug$S                   0000000140000000     msvcprt:MSVCP140.dll
 0000:ffff1000       .debug$S                   0000000140000000     msvcprt:MSVCP140.dll
 0000:ffff1000       .debug$S                   0000000140000000     msvcprt:MSVCP140.dll
 0000:ffff3000       __guard_fids__             0000000140000000     vcruntime:softmemtag.obj
 0000:ffff1000       .debug$S                   0000000140000000     vcruntime:VCRUNTIME140.dll
 0000:ffff1000       .debug$S                   0000000140000000     vcruntime:VCRUNTIME140.dll
 0000:ffff1000       .debug$S                   0000000140000000     vcruntime:VCRUNTIME140.dll
 0000:ffff1000       .debug$S                   0000000140000000     vcruntime:VCRUNTIME140.dll
 0000:ffff1000       .debug$S                   0000000140000000     vcruntime:VCRUNTIME140.dll
 0000:ffff1000       .debug$S                   0000000140000000     vcruntime:VCRUNTIME140.dll
 0000:ffff1000       .debug$S                   0000000140000000     vcruntime:VCRUNTIME140_1.dll
 0000:ffff3004       __guard_fids__             0000000140000004     MSVCRT:exe_main.obj
 0000:ffff3008       __guard_fids__             0000000140000008     MSVCRT:exe_main.obj
 0001:00000cb0       ?pre_c_initialization@@YAHXZ 0000000140001cb0 f   MSVCRT:exe_main.obj
 0001:00000d94       ?post_pgo_initialization@@YAHXZ 0000000140001d94 f   MSVCRT:exe_main.obj
 0001:00000da8       ?pre_cpp_initialization@@YAXXZ 0000000140001da8 f   MSVCRT:exe_main.obj
 0001:00000dc8       ?__scrt_common_main@@YAHXZ 0000000140001dc8 f   MSVCRT:exe_main.obj
 0001:00000de0       ?__scrt_common_main_seh@@YAHXZ 0000000140001de0 f   MSVCRT:exe_main.obj
 0001:00000fe0       ?invoke_main@@YAHXZ        0000000140001fe0 f   MSVCRT:exe_main.obj
 0001:00001084       ?find_pe_section@@YAPEAU_IMAGE_SECTION_HEADER@@QEAE_K@Z 0000000140002084 f   MSVCRT:utility.obj
 0001:000010e0       ?is_potentially_valid_image_base@@YA_NQEAX@Z 00000001400020e0 f   MSVCRT:utility.obj
 0001:000015a8       __get_entropy              00000001400025a8 f   MSVCRT:gs_support.obj
 0001:00001bf0       __castguard_check_failure_os_handled_wrapper 0000000140002bf0 f   MSVCRT:guard_support.obj
 0001:00001c5c       __castguard_check_failure_user_handled_wrapper 0000000140002c5c f   MSVCRT:guard_support.obj
 0001:00001c80       __castguard_compat_check   0000000140002c80 f   MSVCRT:guard_support.obj
 0001:00001e10       __castguard_slow_path_compat_check 0000000140002e10 f   MSVCRT:guard_support.obj
 0001:00003390       $$000000                   0000000140004390     MSVCRT:guard_dispatch.obj
 0001:000033b0       $$000000                   00000001400043b0     MSVCRT:guard_xfg_dispatch.obj
 0001:000043d0       ?dtor$0@?0???$?6U?$char_traits@D@std@@@std@@YAAEAV?$basic_ostream@DU?$char_traits@D@std@@@0@AEAV10@PEBD@Z@4HA 00000001400053d0 f   disasm.obj
 0001:000043f0       ?catch$1@?0???$?6U?$char_traits@D@std@@@std@@YAAEAV?$basic_ostream@DU?$char_traits@D@std@@@0@AEAV10@PEBD@Z@4HA 00000001400053f0 f   disasm.obj
 0001:000043fd       __catch$??$?6U?$char_traits@D@std@@@std@@YAAEAV?$basic_ostream@DU?$char_traits@D@std@@@0@AEAV10@PEBD@Z$0 00000001400053fd f   disasm.obj
 0001:00004450       ?dtor$0@?0???0sentry@?$basic_ostream@DU?$char_traits@D@std@@@std@@QEAA@AEAV12@@Z@4HA 0000000140005450 f   disasm.obj
 0001:0000446e       ?filt$0@?0??__scrt_common_main_seh@@YAHXZ@4HA 000000014000546e f   MSVCRT:exe_main.obj
 0001:00004493       __scrt_is_nonwritable_in_current_image$filt$0 0000000140005493 f   MSVCRT:utility.obj
 0002:00000110       ?pre_cpp_initializer@@3P6AXXZEA 0000000140007110     MSVCRT:exe_main.obj
 0002:00000440       ?pre_c_initializer@@3P6AHXZEA 0000000140007440     MSVCRT:exe_main.obj
 0002:00000550       ?post_pgo_initializer@@3P6AHXZEA 0000000140007550     MSVCRT:exe_main.obj
 0002:00000bb0       $SG34014                   0000000140007bb0     disasm.obj
 0002:00000bb7       ?_Fake_alloc@std@@3U_Fake_allocator@1@B 0000000140007bb7     disasm.obj
 0002:00001850       $unwind$?length@?$_Narrow_char_traits@DH@std@@SA_KQEBD@Z 0000000140008850     disasm.obj
 0002:00001858       $unwind$?eq_int_type@?$_Narrow_char_traits@DH@std@@SA_NAEBH0@Z 0000000140008858     disasm.obj
 0002:00001860       $unwind$main               0000000140008860     disasm.obj
 0002:00001868       $unwind$??$?6U?$char_traits@D@std@@@std@@YAAEAV?$basic_ostream@DU?$char_traits@D@std@@@0@AEAV10@PEBD@Z 0000000140008868     disasm.obj
 0002:00001879       $cppxdata$??$?6U?$char_traits@D@std@@@std@@YAAEAV?$basic_ostream@DU?$char_traits@D@std@@@0@AEAV10@PEBD@Z 0000000140008879     disasm.obj
 0002:00001887       $stateUnwindMap$??$?6U?$char_traits@D@std@@@std@@YAAEAV?$basic_ostream@DU?$char_traits@D@std@@@0@AEAV10@PEBD@Z 0000000140008887     disasm.obj
 0002:0000188f       $tryMap$??$?6U?$char_traits@D@std@@@std@@YAAEAV?$basic_ostream@DU?$char_traits@D@std@@@0@AEAV10@PEBD@Z 000000014000888f     disasm.obj
 0002:00001897       $handlerMap$??$?6U?$char_traits@D@std@@@std@@YAAEAV?$basic_ostream@DU?$char_traits@D@std@@@0@AEAV10@PEBD@Z 0000000140008897     disasm.obj
 0002:0000189e       $ip2state$??$?6U?$char_traits@D@std@@@std@@YAAEAV?$basic_ostream@DU?$char_traits@D@std@@@0@AEAV10@PEBD@Z 000000014000889e     disasm.obj
 0002:000018ac       $unwind$?dtor$0@?0???$?6U?$char_traits@D@std@@@std@@YAAEAV?$basic_ostream@DU?$char_traits@D@std@@@0@AEAV10@PEBD@Z@4HA 00000001400088ac     disasm.obj
 0002:000018b4       $unwind$?catch$1@?0???$?6U?$char_traits@D@std@@@std@@YAAEAV?$basic_ostream@DU?$char_traits@D@std@@@0@AEAV10@PEBD@Z@4HA 00000001400088b4     disasm.obj
 0002:000018bc       $unwind$??$endl@DU?$char_traits@D@std@@@std@@YAAEAV?$basic_ostream@DU?$char_traits@D@std@@@0@AEAV10@@Z 00000001400088bc     disasm.obj
 0002:000018c4       $unwind$??0_Sentry_base@?$basic_ostream@DU?$char_traits@D@std@@@std@@QEAA@AEAV12@@Z 00000001400088c4     disasm.obj
 0002:000018cc       $unwind$??1_Sentry_base@?$basic_ostream@DU?$char_traits@D@std@@@std@@QEAA@XZ 00000001400088cc     disasm.obj
 0002:000018dd       $cppxdata$??1_Sentry_base@?$basic_ostream@DU?$char_traits@D@std@@@std@@QEAA@XZ 00000001400088dd     disasm.obj
 0002:000018e2       $ip2state$??1_Sentry_base@?$basic_ostream@DU?$char_traits@D@std@@@std@@QEAA@XZ 00000001400088e2     disasm.obj
 0002:000018e8       $unwind$??0sentry@?$basic_ostream@DU?$char_traits@D@std@@@std@@QEAA@AEAV12@@Z 00000001400088e8     disasm.obj
 0002:000018f9       $cppxdata$??0sentry@?$basic_ostream@DU?$char_traits@D@std@@@std@@QEAA@AEAV12@@Z 00000001400088f9     disasm.obj
 0002:00001902       $stateUnwindMap$??0sentry@?$basic_ostream@DU?$char_traits@D@std@@@std@@QEAA@AEAV12@@Z 0000000140008902     disasm.obj
 0002:00001908       $ip2state$??0sentry@?$basic_ostream@DU?$char_traits@D@std@@@std@@QEAA@AEAV12@@Z 0000000140008908     disasm.obj
 0002:00001910       $unwind$?dtor$0@?0???0sentry@?$basic_ostream@DU?$char_traits@D@std@@@std@@QEAA@AEAV12@@Z@4HA 0000000140008910     disasm.obj
 0002:00001918       $unwind$??1sentry@?$basic_ostream@DU?$char_traits@D@std@@@std@@QEAA@XZ 0000000140008918     disasm.obj
 0002:00001920       $unwind$?configure_argv@__scrt_narrow_argv_policy@@SAHXZ 0000000140008920     MSVCRT:exe_main.obj
 0002:00001928       $unwind$?set_fmode@__scrt_file_policy@@SAXXZ 0000000140008928     MSVCRT:exe_main.obj
 0002:00001930       $unwind$?set_commode@__scrt_file_policy@@SAXXZ 0000000140008930     MSVCRT:exe_main.obj
 0002:00001938       $unwind$?invoke_main@@YAHXZ 0000000140008938     MSVCRT:exe_main.obj
 0002:00001948       $unwind$?pre_c_initialization@@YAHXZ 0000000140008948     MSVCRT:exe_main.obj
 0002:00001950       $unwind$?post_pgo_initialization@@YAHXZ 0000000140008950     MSVCRT:exe_main.obj
 0002:00001958       $unwind$?pre_cpp_initialization@@YAXXZ 0000000140008958     MSVCRT:exe_main.obj
 0002:00001960       $unwind$?__scrt_common_main_seh@@YAHXZ 0000000140008960     MSVCRT:exe_main.obj
 0002:000019a0       $unwind$?filt$0@?0??__scrt_common_main_seh@@YAHXZ@4HA 00000001400089a0     MSVCRT:exe_main.obj
 0002:000019a8       $unwind$?__scrt_common_main@@YAHXZ 00000001400089a8     MSVCRT:exe_main.obj
 0002:000019b0       $unwind$mainCRTStartup     00000001400089b0     MSVCRT:exe_main.obj
 0002:000019b8       $unwind$atexit             00000001400089b8     MSVCRT:utility.obj
 0002:000019c0       $unwind$_onexit            00000001400089c0     MSVCRT:utility.obj
 0002:000019c8       $unwind$__scrt_is_nonwritable_in_current_image 00000001400089c8     MSVCRT:utility.obj
 0002:000019ec       $unwind$__scrt_is_nonwritable_in_current_image$filt$0 00000001400089ec     MSVCRT:utility.obj
 0002:000019f4       $unwind$__scrt_acquire_startup_lock 00000001400089f4     MSVCRT:utility.obj
 0002:000019fc       $unwind$__scrt_release_startup_lock 00000001400089fc     MSVCRT:utility.obj
 0002:00001a04       $unwind$__scrt_initialize_crt 0000000140008a04     MSVCRT:utility.obj
 0002:00001a0c       $unwind$__scrt_uninitialize_crt 0000000140008a0c     MSVCRT:utility.obj
 0002:00001a14       $unwind$__scrt_initialize_onexit_tables 0000000140008a14     MSVCRT:utility.obj
 0002:00001a1c       $unwind$__scrt_dllmain_exception_filter 0000000140008a1c     MSVCRT:utility.obj
 0002:00001a34       $unwind$__scrt_dllmain_before_initialize_c 0000000140008a34     MSVCRT:utility.obj
 0002:00001a3c       $unwind$__scrt_dllmain_after_initialize_c 0000000140008a3c     MSVCRT:utility.obj
 0002:00001a44       $unwind$__scrt_dllmain_uninitialize_c 0000000140008a44     MSVCRT:utility.obj
 0002:00001a4c       $unwind$__scrt_dllmain_uninitialize_critical 0000000140008a4c     MSVCRT:utility.obj
 0002:00001a54       $unwind$__scrt_dllmain_crt_thread_attach 0000000140008a54     MSVCRT:utility.obj
 0002:00001a5c       $unwind$__scrt_dllmain_crt_thread_detach 0000000140008a5c     MSVCRT:utility.obj
 0002:00001a64       $unwind$__security_init_cookie 0000000140008a64     MSVCRT:gs_support.obj
 0002:00001a74       $unwind$__get_entropy      0000000140008a74     MSVCRT:gs_support.obj
 0002:00001a7c       $unwind$__scrt_initialize_default_local_stdio_options 0000000140008a7c     MSVCRT:default_local_stdio_options.obj
 0002:00001a84       $unwind$__scrt_get_show_window_mode 0000000140008a84     MSVCRT:utility_desktop.obj
 0002:00001a8c       $unwind$__scrt_is_managed_app 0000000140008a8c     MSVCRT:utility_desktop.obj
 0002:00001a94       $unwind$__scrt_fastfail    0000000140008a94     MSVCRT:utility_desktop.obj
 0002:00001aa8       $unwind$__scrt_unhandled_exception_filter 0000000140008aa8     MSVCRT:utility_desktop.obj
 0002:00001ab8       $unwind$_RTC_Initialize    0000000140008ab8     MSVCRT:initsect.obj
 0002:00001ac8       $unwind$_RTC_Terminate     0000000140008ac8     MSVCRT:initsect.obj
 0002:00001ad8       $unwind$__castguard_check_failure_os_handled_wrapper 0000000140008ad8     MSVCRT:guard_support.obj
 0002:00001ae0       $unwind$__castguard_check_failure_user_handled_wrapper 0000000140008ae0     MSVCRT:guard_support.obj
 0002:00001ae8       $unwind$__castguard_check_failure_os_handled 0000000140008ae8     MSVCRT:guard_support.obj
 0002:00001af0       $unwind$__castguard_check_failure_user_handled 0000000140008af0     MSVCRT:guard_support.obj
 0002:00001af8       $unwind$__castguard_slow_path_check_os_handled 0000000140008af8     MSVCRT:guard_support.obj
 0002:00001b00       $unwind$__castguard_slow_path_check_user_handled 0000000140008b00     MSVCRT:guard_support.obj
 0002:00001b08       $unwind$__isa_available_init 0000000140008b08     MSVCRT:cpu_disp.obj
 0002:00001b20       $xdatasym                  0000000140008b20     MSVCRT:guard_dispatch.obj
 0002:00001b28       $xdatasym                  0000000140008b28     MSVCRT:guard_xfg_dispatch.obj
 0003:00000160       ?is_initialized_as_dll@@3_NA 0000000140009160     MSVCRT:utility.obj
 0003:00000161       ?module_local_atexit_table_initialized@@3_NA 0000000140009161     MSVCRT:utility.obj
 0003:00000168       ?module_local_atexit_table@@3U_onexit_table_t@@A 0000000140009168     MSVCRT:utility.obj
 0003:00000180       ?module_local_at_quick_exit_table@@3U_onexit_table_t@@A 0000000140009180     MSVCRT:utility.obj
 0005:0000107a       .idata$6                   000000014000c07a     msvcprt:MSVCP140.dll
 0005:000011d0       .idata$6                   000000014000c1d0     kernel32:KERNEL32.dll
 0005:0000126a       .idata$6                   000000014000c26a     vcruntime:VCRUNTIME140_1.dll
 0005:0000127e       .idata$6                   000000014000c27e     vcruntime:VCRUNTIME140.dll
 0005:0000148c       .idata$6                   000000014000c48c     ucrt:api-ms-win-crt-string-l1-1-0.dll
 0005:000014ae       .idata$6                   000000014000c4ae     ucrt:api-ms-win-crt-runtime-l1-1-0.dll
 0005:000014d0       .idata$6                   000000014000c4d0     ucrt:api-ms-win-crt-math-l1-1-0.dll
 0005:000014f0       .idata$6                   000000014000c4f0     ucrt:api-ms-win-crt-stdio-l1-1-0.dll
 0005:00001510       .idata$6                   000000014000c510     ucrt:api-ms-win-crt-locale-l1-1-0.dll
 0005:00001532       .idata$6                   000000014000c532     ucrt:api-ms-win-crt-heap-l1-1-0.dll
